src/security/cryptoService.ts(53,9): error TS2322: Type 'Buffer<ArrayBufferLike>' is not assignable to type 'Buffer<ArrayBuffer>'.
  Type 'ArrayBufferLike' is not assignable to type 'ArrayBuffer'.
    Type 'SharedArrayBuffer' is not assignable to type 'ArrayBuffer'.
      Types of property '[Symbol.toStringTag]' are incompatible.
        Type '"SharedArrayBuffer"' is not assignable to type '"ArrayBuffer"'.
